\BOOKMARK [0][-]{chapter*.3}{\376\377\000O\000b\000s\000a\000h}{}% 1
\BOOKMARK [0][-]{chapter.1}{\376\377\000\332\000v\000o\000d}{}% 2
\BOOKMARK [0][-]{chapter.2}{\376\377\000T\000e\000r\000m\000i\000n\000o\000l\000o\000g\000i\000e}{}% 3
\BOOKMARK [1][-]{section.2.1}{\376\377\000G\000a\000m\000e\000O\000b\000j\000e\000c\000t}{chapter.2}% 4
\BOOKMARK [1][-]{section.2.2}{\376\377\000O\000S\000T}{chapter.2}% 5
\BOOKMARK [1][-]{section.2.3}{\376\377\000P\000o\000s\000t\000-\000p\000r\000o\000c\000e\000s\000s\000i\000n\000g}{chapter.2}% 6
\BOOKMARK [1][-]{section.2.4}{\376\377\000U\000n\000i\000t\000y\000\040\000E\000d\000i\000t\000o\000r}{chapter.2}% 7
\BOOKMARK [0][-]{chapter.3}{\376\377\000P\000o\000u\001\176\000i\000t\000\375\000\040\000f\000r\000a\000m\000e\000w\000o\000r\000k\000\040\000a\000p\000l\000i\000k\000a\000c\000e}{}% 8
\BOOKMARK [1][-]{section.3.1}{\376\377\000O\000p\000e\000r\000a\001\015\000n\000\355\000\040\000s\000y\000s\000t\000\351\000m}{chapter.3}% 9
\BOOKMARK [1][-]{section.3.2}{\376\377\000P\000r\000o\000g\000r\000a\000m\000o\000v\000\341\000n\000\355}{chapter.3}% 10
\BOOKMARK [2][-]{subsection.3.2.1}{\376\377\000C\000\043}{section.3.2}% 11
\BOOKMARK [2][-]{subsection.3.2.2}{\376\377\000I\000D\000E}{section.3.2}% 12
\BOOKMARK [2][-]{subsection.3.2.3}{\376\377\000V\000e\000r\000s\000i\000o\000n\000\040\000C\000o\000n\000t\000r\000o\000l}{section.3.2}% 13
\BOOKMARK [2][-]{subsection.3.2.4}{\376\377\000V\000i\000m}{section.3.2}% 14
\BOOKMARK [2][-]{subsection.3.2.5}{\376\377\000A\000I}{section.3.2}% 15
\BOOKMARK [1][-]{section.3.3}{\376\377\000H\000e\000r\000n\000\355\000\040\000e\000n\000g\000i\000n\000e}{chapter.3}% 16
\BOOKMARK [1][-]{section.3.4}{\376\377\000H\000u\000d\000b\000a\000\040\000a\000\040\000z\000v\000u\000k}{chapter.3}% 17
\BOOKMARK [2][-]{subsection.3.4.1}{\376\377\000F\000L\000\040\000S\000t\000u\000d\000i\000o}{section.3.4}% 18
\BOOKMARK [2][-]{subsection.3.4.2}{\376\377\000F\000M\000O\000D\000\040\000S\000t\000u\000d\000i\000o}{section.3.4}% 19
\BOOKMARK [1][-]{section.3.5}{\376\377\000O\000s\000t\000a\000t\000n\000\355}{chapter.3}% 20
\BOOKMARK [0][-]{chapter.4}{\376\377\000C\000e\000l\000k\000o\000v\000\341\000\040\000k\000o\000n\000c\000e\000p\000c\000e\000\040\001\131\000e\001\141\000e\000n\000\355}{}% 21
\BOOKMARK [1][-]{section.4.1}{\376\377\000G\000a\000m\000e\000\040\000M\000a\000n\000a\000g\000e\000r}{chapter.4}% 22
\BOOKMARK [1][-]{section.4.2}{\376\377\000U\000m\000\355\000r\000\341\000n\000\355}{chapter.4}% 23
\BOOKMARK [2][-]{subsection.4.2.1}{\376\377\000C\000h\000e\000c\000k\000p\000o\000i\000n\000t\000\040\000S\000y\000s\000t\000e\000m}{section.4.2}% 24
\BOOKMARK [1][-]{section.4.3}{\376\377\000E\000m\000o\000t\000i\000o\000n\000\040\000S\000y\000s\000t\000e\000m}{chapter.4}% 25
\BOOKMARK [1][-]{section.4.4}{\376\377\000U\000I}{chapter.4}% 26
\BOOKMARK [1][-]{section.4.5}{\376\377\000V\000i\000z\000u\000\341\000l\000n\000\355\000\040\000e\000f\000e\000k\000t\000y}{chapter.4}% 27
\BOOKMARK [1][-]{section.4.6}{\376\377\000A\000u\000d\000i\000o}{chapter.4}% 28
\BOOKMARK [2][-]{subsection.4.6.1}{\376\377\000O\000S\000T}{section.4.6}% 29
\BOOKMARK [2][-]{subsection.4.6.2}{\376\377\000S\000F\000X}{section.4.6}% 30
\BOOKMARK [1][-]{section.4.7}{\376\377\000P\000o\000s\000t\000-\000p\000r\000o\000c\000e\000s\000s\000i\000n\000g}{chapter.4}% 31
\BOOKMARK [0][-]{chapter.5}{\376\377\000P\000o\000p\000i\000s\000\040\000a\000p\000l\000i\000k\000a\000c\000e}{}% 32
\BOOKMARK [1][-]{section.5.1}{\376\377\000Z\000p\000r\000a\000c\000o\000v\000\341\000n\000\355\000\040\000z\000\341\000k\000l\000a\000d\000n\000\355\000h\000o\000\040\000m\000o\000d\000e\000l\000u\000\040\000h\000r\000y}{chapter.5}% 33
\BOOKMARK [2][-]{subsection.5.1.1}{\376\377\000S\000t\000r\000u\000k\000t\000u\000r\000a\000\040\000s\000c\000\351\000n}{section.5.1}% 34
\BOOKMARK [2][-]{subsection.5.1.2}{\376\377\000H\000e\000r\000n\000\355\000\040\000m\000a\000n\000a\001\176\000e\000r\000y}{section.5.1}% 35
\BOOKMARK [2][-]{subsection.5.1.3}{\376\377\000I\000n\000p\000u\000t\000\040\000s\000y\000s\000t\000\351\000m}{section.5.1}% 36
\BOOKMARK [2][-]{subsection.5.1.4}{\376\377\000Z\000\341\000k\000l\000a\000d\000n\000\355\000\040\000h\000e\000r\000n\000\355\000\040\000o\000b\000j\000e\000k\000t\000y}{section.5.1}% 37
\BOOKMARK [1][-]{section.5.2}{\376\377\000V\000y\000t\000v\000o\001\131\000e\000n\000\355\000\040\000u\001\176\000i\000v\000a\000t\000e\000l\000s\000k\000\351\000h\000o\000\040\000r\000o\000z\000h\000r\000a\000n\000\355}{chapter.5}% 38
\BOOKMARK [2][-]{subsection.5.2.1}{\376\377\000U\000I\000\040\000T\000o\000o\000l\000k\000i\000t}{section.5.2}% 39
\BOOKMARK [2][-]{subsection.5.2.2}{\376\377\000U\000I\000\040\000P\000r\000v\000k\000y}{section.5.2}% 40
\BOOKMARK [2][-]{subsection.5.2.3}{\376\377\000O\000s\000t\000a\000t\000n\000\355\000\040\000f\000u\000n\000k\000c\000e\000\040\000U\000I}{section.5.2}% 41
\BOOKMARK [1][-]{section.5.3}{\376\377\000T\000v\000o\000r\000b\000a\000\040\000v\000i\000z\000u\000\341\000l\000n\000\355\000c\000h\000\040\000e\000f\000e\000k\000t\001\157}{chapter.5}% 42
\BOOKMARK [2][-]{subsection.5.3.1}{\376\377\000L\000i\000g\000h\000t\000\040\0002\000D}{section.5.3}% 43
\BOOKMARK [2][-]{subsection.5.3.2}{\376\377\000P\000a\000r\000t\000i\000c\000l\000e\000\040\000S\000y\000s\000t\000e\000m}{section.5.3}% 44
\BOOKMARK [2][-]{subsection.5.3.3}{\376\377\000O\000s\000t\000a\000t\000n\000\355\000\040\000e\000f\000e\000k\000t\000y}{section.5.3}% 45
\BOOKMARK [1][-]{section.5.4}{\376\377\000T\000v\000o\000r\000b\000a\000\040\000z\000v\000u\000k\000o\000v\000\375\000c\000h\000\040\000e\000f\000e\000k\000t\001\157}{chapter.5}% 46
\BOOKMARK [2][-]{subsection.5.4.1}{\376\377\000A\000u\000d\000i\000o\000\040\000s\000y\000s\000t\000\351\000m}{section.5.4}% 47
\BOOKMARK [2][-]{subsection.5.4.2}{\376\377\000T\000v\000o\000r\000b\000a\000\040\000v\000\040\000F\000L\000\040\000S\000t\000u\000d\000i\000o}{section.5.4}% 48
\BOOKMARK [2][-]{subsection.5.4.3}{\376\377\000K\000a\000t\000e\000g\000o\000r\000i\000z\000a\000c\000e\000\040\000z\000v\000u\000k\001\157}{section.5.4}% 49
\BOOKMARK [2][-]{subsection.5.4.4}{\376\377\000H\000u\000d\000b\000a}{section.5.4}% 50
\BOOKMARK [1][-]{section.5.5}{\376\377\000P\000o\000s\000t\000-\000p\000r\000o\000c\000e\000s\000s\000i\000n\000g\000\040\000h\000r\000y}{chapter.5}% 51
\BOOKMARK [0][-]{chapter.6}{\376\377\000Z\000\341\000v\001\033\000r}{}% 52
\BOOKMARK [0][-]{chapter*.18}{\376\377\000S\000e\000z\000n\000a\000m\000\040\000o\000b\000r\000\341\000z\000k\001\157}{}% 53
